// Jest Snapshot v1, https://goo.gl/fbAQLP

exports[`renders the component 1`] = `
Vue {
  "$attrs": Object {},
  "$children": Array [],
  "$createElement": [Function],
  "$listeners": Object {},
  "$options": Object {
    "_base": [Function],
    "_propKeys": Array [
      "comment",
      "reviewId",
    ],
    "components": Object {},
    "directives": Object {},
    "filters": Object {},
    "methods": Object {
      "deleteComments": [Function],
    },
    "props": Object {
      "comment": Object {
        "type": [Function],
      },
      "reviewId": Object {
        "type": [Function],
      },
    },
    "render": [Function],
    "staticRenderFns": Array [],
  },
  "$parent": undefined,
  "$refs": Object {},
  "$root": [Circular],
  "$scopedSlots": Object {},
  "$slots": Object {},
  "$vnode": undefined,
  "_c": [Function],
  "_data": Object {},
  "_directInactive": false,
  "_events": Object {},
  "_hasHookEvent": false,
  "_inactive": null,
  "_isBeingDestroyed": false,
  "_isDestroyed": false,
  "_isMounted": false,
  "_isVue": true,
  "_props": Object {
    "comment": undefined,
    "reviewId": undefined,
  },
  "_renderProxy": Vue {
    "$attrs": Object {},
    "$children": Array [],
    "$createElement": [Function],
    "$listeners": Object {},
    "$options": Object {
      "_base": [Function],
      "_propKeys": Array [
        "comment",
        "reviewId",
      ],
      "components": Object {},
      "directives": Object {},
      "filters": Object {},
      "methods": Object {
        "deleteComments": [Function],
      },
      "props": Object {
        "comment": Object {
          "type": [Function],
        },
        "reviewId": Object {
          "type": [Function],
        },
      },
      "render": [Function],
      "staticRenderFns": Array [],
    },
    "$parent": undefined,
    "$refs": Object {},
    "$root": [Circular],
    "$scopedSlots": Object {},
    "$slots": Object {},
    "$vnode": undefined,
    "_c": [Function],
    "_data": Object {},
    "_directInactive": false,
    "_events": Object {},
    "_hasHookEvent": false,
    "_inactive": null,
    "_isBeingDestroyed": false,
    "_isDestroyed": false,
    "_isMounted": false,
    "_isVue": true,
    "_props": Object {
      "comment": undefined,
      "reviewId": undefined,
    },
    "_renderProxy": [Circular],
    "_self": [Circular],
    "_staticTrees": null,
    "_uid": 0,
    "_vnode": null,
    "_watcher": null,
    "_watchers": Array [],
    "comment": undefined,
    "deleteComments": [Function],
    "reviewId": undefined,
  },
  "_self": [Circular],
  "_staticTrees": null,
  "_uid": 0,
  "_vnode": null,
  "_watcher": null,
  "_watchers": Array [],
  "comment": undefined,
  "deleteComments": [Function],
  "reviewId": undefined,
}
`;
