// Jest Snapshot v1, https://goo.gl/fbAQLP

exports[`renders the elements 1`] = `
Vue {
  "$attrs": Object {},
  "$children": Array [],
  "$createElement": [Function],
  "$listeners": Object {},
  "$options": Object {
    "_base": [Function],
    "_propKeys": Array [
      "review",
      "comments",
    ],
    "components": Object {
      "CommentsComponent": Object {
        "data": [Function],
        "methods": Object {
          "submit": [Function],
        },
        "props": Object {
          "comment": Object {
            "type": [Function],
          },
          "reviewId": Object {
            "type": [Function],
          },
        },
        "render": [Function],
        "staticRenderFns": Array [],
      },
    },
    "data": [Function],
    "directives": Object {},
    "filters": Object {},
    "methods": Object {
      "remove": [Function],
    },
    "props": Object {
      "comments": Object {
        "default": [Function],
        "type": [Function],
      },
      "review": Object {
        "default": [Function],
        "type": [Function],
      },
    },
    "render": [Function],
    "staticRenderFns": Array [],
  },
  "$parent": undefined,
  "$refs": Object {},
  "$root": [Circular],
  "$scopedSlots": Object {},
  "$slots": Object {},
  "$vnode": undefined,
  "_c": [Function],
  "_data": Object {
    "error": false,
    "isDisable": false,
    "loading": true,
  },
  "_directInactive": false,
  "_events": Object {},
  "_hasHookEvent": false,
  "_inactive": null,
  "_isBeingDestroyed": false,
  "_isDestroyed": false,
  "_isMounted": false,
  "_isVue": true,
  "_props": Object {
    "comments": Array [],
    "review": Object {},
  },
  "_renderProxy": Vue {
    "$attrs": Object {},
    "$children": Array [],
    "$createElement": [Function],
    "$listeners": Object {},
    "$options": Object {
      "_base": [Function],
      "_propKeys": Array [
        "review",
        "comments",
      ],
      "components": Object {
        "CommentsComponent": Object {
          "data": [Function],
          "methods": Object {
            "submit": [Function],
          },
          "props": Object {
            "comment": Object {
              "type": [Function],
            },
            "reviewId": Object {
              "type": [Function],
            },
          },
          "render": [Function],
          "staticRenderFns": Array [],
        },
      },
      "data": [Function],
      "directives": Object {},
      "filters": Object {},
      "methods": Object {
        "remove": [Function],
      },
      "props": Object {
        "comments": Object {
          "default": [Function],
          "type": [Function],
        },
        "review": Object {
          "default": [Function],
          "type": [Function],
        },
      },
      "render": [Function],
      "staticRenderFns": Array [],
    },
    "$parent": undefined,
    "$refs": Object {},
    "$root": [Circular],
    "$scopedSlots": Object {},
    "$slots": Object {},
    "$vnode": undefined,
    "_c": [Function],
    "_data": Object {
      "error": false,
      "isDisable": false,
      "loading": true,
    },
    "_directInactive": false,
    "_events": Object {},
    "_hasHookEvent": false,
    "_inactive": null,
    "_isBeingDestroyed": false,
    "_isDestroyed": false,
    "_isMounted": false,
    "_isVue": true,
    "_props": Object {
      "comments": Array [],
      "review": Object {},
    },
    "_renderProxy": [Circular],
    "_self": [Circular],
    "_staticTrees": null,
    "_uid": 1,
    "_vnode": null,
    "_watcher": null,
    "_watchers": Array [],
    "comments": Array [],
    "error": false,
    "isDisable": false,
    "loading": true,
    "remove": [Function],
    "review": Object {},
  },
  "_self": [Circular],
  "_staticTrees": null,
  "_uid": 1,
  "_vnode": null,
  "_watcher": null,
  "_watchers": Array [],
  "comments": Array [],
  "error": false,
  "isDisable": false,
  "loading": true,
  "remove": [Function],
  "review": Object {},
}
`;
